================================================================================
VECTOR DB RETRIEVAL TEST
Testing if queries return results from all 6 companies
================================================================================

================================================================================
Query: 'premium'
================================================================================
